[www.templatemonsterpreview.com/66754.html]
[backblue.gif]
[fade.gif]
[index.html]
[s.tmimgcdn.com/img/logo-touch/favicon-16x16623c.png]
[s.tmimgcdn.com/img/logo-touch/favicon-32x32623c.png]
[s.tmimgcdn.com/img/logo-touch/favicon-96x96623c.png]
[s.tmimgcdn.com/img/logo-touch/android-chrome-36623c.png]
[s.tmimgcdn.com/img/logo-touch/android-chrome-48623c.png]
[s.tmimgcdn.com/img/logo-touch/android-chrome-72623c.png]
[s.tmimgcdn.com/img/logo-touch/android-chrome-96623c.png]
[s.tmimgcdn.com/img/logo-touch/android-chrome-144623c.png]
[s.tmimgcdn.com/img/logo-touch/android-chrome-192623c.png]
[s.tmimgcdn.com/img/logo-touch/apple-touch-icon-precomposed623c.png]
[s.tmimgcdn.com/img/logo-touch/apple-touch-icon-180623c.png]
[s.tmimgcdn.com/img/logo-touch/apple-touch-icon-152623c.png]
[s.tmimgcdn.com/img/logo-touch/apple-touch-icon-144623c.png]
[s.tmimgcdn.com/img/logo-touch/apple-touch-icon-120623c.png]
[s.tmimgcdn.com/img/logo-touch/apple-touch-icon-114623c.png]
[s.tmimgcdn.com/img/logo-touch/apple-touch-icon-76623c.png]
[s.tmimgcdn.com/img/logo-touch/apple-touch-icon-72623c.png]
[s.tmimgcdn.com/img/logo-touch/apple-touch-icon-60623c.png]
[s.tmimgcdn.com/img/logo-touch/apple-touch-icon-57623c.png]
[s.tmimgcdn.com/css/owl.carousel.mina360.css]
[s.tmimgcdn.com/css/owl.theme.mina360.css]
[www.templatemonsterpreview.com/chat_presales=1; expires=03 Jul 2036 21_44_38 GMT; domain=.templatemonster.com; path=/index.html]
[s.tmimgcdn.com/js/tm/frontend/indclude-js.min8667.js]
[www.templatemonsterpreview.com/callback_notice=closed; expires=03 Jul 2036 21_44_38 GMT; domain=.templatemonster.com; path=/index.html]
[s.tmimgcdn.com/css/standalone/livedemoa360.css]
[www.templatemonsterpreview.com/66754.html]
[www.googletagmanager.com/gtm5445.html]
[www.templatemonster.com/js/config.js]
[s.tmimgcdn.com/css/bootstrap.css]
[s.tmimgcdn.com/img/segmentation-popup/window.png]
[s.tmimgcdn.com/img/segmentation-popup/pen.png]
[s.tmimgcdn.com/img/segmentation-popup/bag.png]
[s.tmimgcdn.com/img/segmentation-popup/gear.png]
[s.tmimgcdn.com/img/segmentation-popup/triangles.png]
[s.tmimgcdn.com/img/segmentation-popup/check.png]
[s.tmimgcdn.com/css/standalone/livedemoa360.css]
[s.tmimgcdn.com/css/owl.carousel.mina360.css]
[s.tmimgcdn.com/img/small-spinner.gif]
[s.tmimgcdn.com/css/owl.theme.mina360.css]
[s.tmimgcdn.com/js/tm/frontend/indclude-js.min8667.js]
[www.templatemonsterpreview.com/chat_presales=1; expires=03 Jul 2036 21_44_38 GMT; domain=.templatemonster.com; path=/index.html]
[www.templatemonsterpreview.com/callback_notice=closed; expires=03 Jul 2036 21_44_38 GMT; domain=.templatemonster.com; path=/index.html]
[www.templatemonster.com/js/config.js]
[s.tmimgcdn.com/css/bootstrap.css]
[www.templatemonsterpreview.com/chat_presales=1; expires=03 Jul 2036 21_44_38 GMT; domain=.templatemonster.com; path=/index.html]
[www.templatemonsterpreview.com/callback_notice=closed; expires=03 Jul 2036 21_44_38 GMT; domain=.templatemonster.com; path=/index.html]
[s.tmimgcdn.com/css/font.css]
[s.tmimgcdn.com/css/svg-iconsa360.css]
[s.tmimgcdn.com/css/svg-iconsa360.css]
[s.tmimgcdn.com/css/font.css]
[www.templatemonsterpreview.com/chat_presales=1; expires=03 Jul 2036 21_44_38 GMT; domain=.templatemonster.com; path=/index.html]
[www.templatemonsterpreview.com/callback_notice=closed; expires=03 Jul 2036 21_44_38 GMT; domain=.templatemonster.com; path=/index.html]
[s.tmimgcdn.com/js/plasma-pocket-react/monsterBundle8667.js]
[www.templatemonsterpreview.com/index.html]
[www.templatemonsterpreview.com/$&/index.html]
[www.templatemonsterpreview.com/call_get.26.delayed]
[www.templatemonsterpreview.com/using.js]
[www.templatemonsterpreview.com/timers.js]
[www.templatemonsterpreview.com/generators.js]
[www.templatemonsterpreview.com/nodeify.js]
[www.templatemonsterpreview.com/promisify.js]
[www.templatemonsterpreview.com/props.js]
[www.templatemonsterpreview.com/race.js]
[www.templatemonsterpreview.com/reduce.js]
[www.templatemonsterpreview.com/settle.js]
[www.templatemonsterpreview.com/some.js]
[www.templatemonsterpreview.com/filter.js]
[www.templatemonsterpreview.com/each.js]
[www.templatemonsterpreview.com/any.js]
[www.templatemonsterpreview.com/require]
[www.templatemonsterpreview.com/indexd41d.html]
[www.templatemonsterpreview.com/@@History/index.html]
[www.templatemonsterpreview.com/fonts/PT_Sans/PTSans-Regular.35.delayed]
[www.templatemonsterpreview.com/fonts/PT_Sans/PTSans-Bold.svg]
[www.templatemonsterpreview.com/ajax/landing-promocode6ea4.php]
[s.tmimgcdn.com/js/plasma-pocket-react/monsterBundle8667.js]
[www.templatemonsterpreview.com/index.html]
[www.templatemonsterpreview.com/$&/index.html]
[www.templatemonsterpreview.com/call_get.html]
[www.templatemonsterpreview.com/using.html]
[www.templatemonsterpreview.com/timers.html]
[www.templatemonsterpreview.com/generators.html]
[www.templatemonsterpreview.com/nodeify.html]
[www.templatemonsterpreview.com/promisify.html]
[www.templatemonsterpreview.com/props.html]
[www.templatemonsterpreview.com/race.html]
[www.templatemonsterpreview.com/reduce.html]
[www.templatemonsterpreview.com/settle.html]
[www.templatemonsterpreview.com/some.html]
[www.templatemonsterpreview.com/filter.html]
[www.templatemonsterpreview.com/each.html]
[www.templatemonsterpreview.com/any.html]
[www.templatemonsterpreview.com/require.html]
[www.templatemonsterpreview.com/indexd41d.html]
[www.templatemonsterpreview.com/@@History/index.html]
[www.templatemonsterpreview.com/fonts/PT_Sans/PTSans-Regular.html]
[www.templatemonsterpreview.com/fonts/PT_Sans/PTSans-Bold.html]
[www.templatemonsterpreview.com/ajax/landing-promocode6ea4.html]
[www.templatemonsterpreview.com/ABCDEFGHIJKLMNOPQRSTUVWXYZabcdefghijklmnopqrstuvwxyz0123456789+/index.html]
[www.templatemonsterpreview.com/map.js]
[www.templatemonsterpreview.com/map.js]
[www.templatemonsterpreview.com/ABCDEFGHIJKLMNOPQRSTUVWXYZabcdefghijklmnopqrstuvwxyz0123456789+/index.html]
[www.templatemonsterpreview.com/ABCDEFGHIJKLMNOPQRSTUVWXYZabcdefghijklmnopqrstuvwxyz0123456789+/index.html]
